Call public API endpoints directly when a first-class command is not available. Paths are confined below the resolved API base, and command leaves reuse the active profile, credential, locale, retry, error, and output behavior. Raw POST refuses documented v1 routes that return one-time plaintext secrets; use the dedicated private-output workflow for those operations.

Related commands:
  chab login
  chab health

Usage:
  chab api [flags]
  chab api [command]

Examples:
  chab api get /me
  chab api get /credits

Available Commands:
  delete      Send a DELETE request to an API path
  get         Send a GET request to an API path
  patch       Send a PATCH request to an API path
  post        Send a POST request to an API path

Flags:
  -h, --help   help for api

Global Flags:
      --api-base-url string   API base URL (Chab default uses www.chab.ai/v1; custom base URLs use <base-url>/v1)
      --auth-file string      path to the CLI auth file
      --base-url string       product web base URL
      --config string         path to the CLI config file
      --debug                 write redacted request details to stderr
      --include-meta          include safe response metadata in machine output where supported
      --jq string             filter supported JSON output with a jq expression
      --json                  print stable JSON output where supported
      --locale string         response language sent as Accept-Language (en or de)
      --no-ansi               disable ANSI terminal controls and paging where supported
      --no-color              disable color in human output where supported
      --no-pager              disable pager use for long human output where supported
      --no-prompt             fail instead of prompting for interactive input
      --plain                 print copy-safe plain output where supported
      --profile string        profile to use for this invocation
      --template string       render supported JSON output with a Go text/template
      --yes                   accept supported confirmations for risky or destructive operations; does not supply missing input

Use "chab api [command] --help" for more information about a command.
