Print the local config and auth file paths selected for this invocation.

This command resolves --config, --auth-file, CHAB_CONFIG, CHAB_AUTH_FILE, and the
built-in defaults without loading or parsing either file. It still works when
config.yml is malformed.

JSON output is an object with config_path and auth_path.

Output modes: default human detail, --plain tab-separated fields, --json stable
JSON, and --jq/--template transforms over the documented JSON value.

Related commands:
  chab config list
  chab profile list

Usage:
  chab config path [flags]

Examples:
  chab config path
  chab config path --plain
  chab config path --jq .config_path
  chab config path --template '{{.config_path}}'

Flags:
  -h, --help   help for path

Global Flags:
      --api-base-url string   API base URL (Chab default uses www.chab.ai/v1; custom base URLs use <base-url>/v1)
      --auth-file string      path to the CLI auth file
      --base-url string       product web base URL
      --config string         path to the CLI config file
      --debug                 write redacted request details to stderr
      --include-meta          include safe response metadata in machine output where supported
      --jq string             filter supported JSON output with a jq expression
      --json                  print stable JSON output where supported
      --locale string         response language sent as Accept-Language (en or de)
      --no-ansi               disable ANSI terminal controls and paging where supported
      --no-color              disable color in human output where supported
      --no-pager              disable pager use for long human output where supported
      --no-prompt             fail instead of prompting for interactive input
      --plain                 print copy-safe plain output where supported
      --profile string        profile to use for this invocation
      --template string       render supported JSON output with a Go text/template
      --yes                   accept supported confirmations for risky or destructive operations; does not supply missing input
