Remove the stored credential for the selected profile without changing non-secret configuration.

Logout is local and idempotent. It removes only the selected profile's stored
auth record and cached metadata, preserving other profiles, config, and
current_profile. It does not revoke the API key on the server; revoke keys in
the product web app. If CHAB_API_KEY is set, that environment credential still
takes precedence until it is unset.

Team API keys are created and revoked in the product web app. chab never prints
the stored API key; logout shows only non-secret key metadata.

Output is human-readable even when --json is inherited from the root. Use
--plain for copy-safe local removal rows. jq and template output are not
available because logout has no stable JSON shape.

Related commands:
  chab login
  chab auth status

Usage:
  chab auth logout [flags]

Examples:
  chab auth logout
  chab auth logout --plain --profile staging

Flags:
  -h, --help   help for logout

Global Flags:
      --api-base-url string   API base URL (Chab default uses www.chab.ai/v1; custom base URLs use <base-url>/v1)
      --auth-file string      path to the CLI auth file
      --base-url string       product web base URL
      --config string         path to the CLI config file
      --debug                 write redacted request details to stderr
      --include-meta          include safe response metadata in machine output where supported
      --jq string             filter supported JSON output with a jq expression
      --json                  print stable JSON output where supported
      --locale string         response language sent as Accept-Language (en or de)
      --no-ansi               disable ANSI terminal controls and paging where supported
      --no-color              disable color in human output where supported
      --no-pager              disable pager use for long human output where supported
      --no-prompt             fail instead of prompting for interactive input
      --plain                 print copy-safe plain output where supported
      --profile string        profile to use for this invocation
      --template string       render supported JSON output with a Go text/template
      --yes                   accept supported confirmations for risky or destructive operations; does not supply missing input
