Serve Chab tools over local MCP stdio.

The command reserves stdout for newline-delimited MCP JSON-RPC frames. Redacted
diagnostics, including --debug request logs, go to stderr. Run this command through an MCP host or protocol test harness; direct terminal execution waits for protocol frames.

Startup, discovery, tools/list, chab_auth_env, chab_health, and chab_errors
require no credential. API-backed operation tools are named from operation IDs,
for example chab_auth_me, chab_credits_get, chab_search_web,
chab_files_create and chab_files_download. Those tools require either
CHAB_API_KEY inherited by the MCP server process or the selected profile's auth
state written by chab login. Login, logout, config, selected-profile, and
auth-file changes are reloaded for later calls. Guest trial credentials are
limited to backend-advertised free operation tools and safe helpers; they are
not hosted MCP OAuth tokens. Changing `CHAB_API_KEY` in the host environment requires restarting or relaunching the MCP server process.

Tool inputs use path, query, body and local groups. Confirmation-gated tools
require local.confirmation=true. Upload and download tools require local file
paths and downloads refuse overwrites. Recoverable action receipts are
available through chab_action_list, chab_action_show and chab_action_resume.

The inherited --json flag is ignored because normal stdout is the protocol
stream. Transform flags such as --jq, --template, --plain, and --include-meta
are rejected before the server starts.

Related commands:
  chab mcp
  chab auth env
  chab whoami

Usage:
  chab mcp serve [flags]

Examples:
  codex mcp add chab -- chab mcp serve
  claude mcp add --transport stdio chab -- chab mcp serve
  chab mcp serve   # protocol testing only; hosts launch this
  chab --profile staging mcp serve

Flags:
  -h, --help   help for serve

Global Flags:
      --api-base-url string   API base URL (Chab default uses www.chab.ai/v1; custom base URLs use <base-url>/v1)
      --auth-file string      path to the CLI auth file
      --base-url string       product web base URL
      --config string         path to the CLI config file
      --debug                 write redacted request details to stderr
      --include-meta          include safe response metadata in machine output where supported
      --jq string             filter supported JSON output with a jq expression
      --json                  print stable JSON output where supported
      --locale string         response language sent as Accept-Language (en or de)
      --no-ansi               disable ANSI terminal controls and paging where supported
      --no-color              disable color in human output where supported
      --no-pager              disable pager use for long human output where supported
      --no-prompt             fail instead of prompting for interactive input
      --plain                 print copy-safe plain output where supported
      --profile string        profile to use for this invocation
      --template string       render supported JSON output with a Go text/template
      --yes                   accept supported confirmations for risky or destructive operations; does not supply missing input
