Send a DELETE request to an API path using the active profile and credential.

<path> is API-relative and is joined below the resolved API base. Give a path
like /projects/<id> or projects/<id>. A bare first segment containing a colon is
rejected as ambiguous URI syntax; a colon after an explicit leading slash or in
a later segment remains opaque path data. Absolute and scheme-relative URLs,
query or fragment markers, trailing slashes, and empty segments fail locally.
Put query parameters in --query key=value (repeatable); values may be empty or
contain commas and equals signs, and repeated values retain their order.

DELETE is an unsafe raw action and does not ask for confirmation. Choosing this
leaf is the explicit decision to send it; --yes is not required.

Build an optional JSON body with --field key=value (repeatable), pass any valid
JSON value with --body '<json>', or read one with --body-file <path>. Use
--body-file - to read from stdin. These body modes are mutually exclusive, and
duplicate --field keys fail locally. A DELETE with no body sends no Content-Type
and no JSON null body.

Every real DELETE sends an idempotency key so a retried request is not applied
twice. A key is generated automatically; pass --idempotency-key <key> to supply
your own (1-255 visible ASCII bytes). Key values are sensitive: output reports
only whether a key is generated or explicit and never prints the value. Use
--dry-run to preview the method, path, query, body, and idempotency behavior
without resolving credentials or contacting the API.
Catalogued idempotent routes create a private recovery record after resolving
credential identity and before the effectful request.
Those catalogued recoverable routes print the stable action and recovery object,
with the API success payload under server. Other raw DELETE routes keep printing
the selected API success value.
Catalogued operation routes that support JSON body "dry_run": true send
authenticated server validation without confirmation, a recovery record, or an
idempotency key.

For non-catalogued raw routes, the decoded "data" value of the API success
envelope is printed by default. Use --raw to print the full success envelope,
including data, meta, request_id, and unknown envelope keys. --raw and
--dry-run cannot be combined.

Mark a request value as sensitive with --secret-field <name> (repeatable). Named
query values, field values, and matching JSON body keys are shown as [REDACTED]
in dry-run previews, --debug output, and rendered errors; the flag does not add
a request value.

JSON output is the selected machine value as stable JSON. Default human and
--plain output print scalar values without JSON quotes; objects, arrays, and
null print as JSON because the raw shape is not known ahead of time.

--include-meta adds safe transport context under meta when --json, --jq, or
--template is selected. The ordinary value moves under data; output without
--include-meta remains unchanged. It cannot be combined with --dry-run.

Output modes: default human, --plain, --json stable JSON, and --jq/--template
transforms over the selected JSON value.

Related commands:
  chab api
  chab login

Usage:
  chab api delete <path> [flags]

Examples:
  chab api delete /projects/<id>
  chab api delete /projects/<id> --json
  chab api delete /projects/<id> --json --include-meta
  chab api delete /projects/<id> --idempotency-key <key>
  chab api delete /projects/<id> --dry-run
  chab api delete /projects/<id> --query force=true --raw --json
  chab api delete /projects/<id> --jq .deleted
  chab api delete /projects/<id> --template '{{.deleted}}'

Flags:
      --body string                JSON request body (mutually exclusive with --field and --body-file)
      --body-file string           read the JSON request body from a file, or - for stdin
      --dry-run                    preview the request without resolving credentials or contacting the API
      --field stringArray          body field as key=value (repeatable; mutually exclusive with --body and --body-file)
  -h, --help                       help for delete
      --idempotency-key string     explicit idempotency key (1-255 visible ASCII bytes); generated when omitted on replayable unsafe routes
      --query stringArray          query parameter as key=value (repeatable)
      --raw                        print the full API success envelope instead of only data
      --secret-field stringArray   request field name whose value must be redacted in debug output and errors (repeatable)

Global Flags:
      --api-base-url string   API base URL (Chab default uses www.chab.ai/v1; custom base URLs use <base-url>/v1)
      --auth-file string      path to the CLI auth file
      --base-url string       product web base URL
      --config string         path to the CLI config file
      --debug                 write redacted request details to stderr
      --include-meta          include safe response metadata in machine output where supported
      --jq string             filter supported JSON output with a jq expression
      --json                  print stable JSON output where supported
      --locale string         response language sent as Accept-Language (en or de)
      --no-ansi               disable ANSI terminal controls and paging where supported
      --no-color              disable color in human output where supported
      --no-pager              disable pager use for long human output where supported
      --no-prompt             fail instead of prompting for interactive input
      --plain                 print copy-safe plain output where supported
      --profile string        profile to use for this invocation
      --template string       render supported JSON output with a Go text/template
      --yes                   accept supported confirmations for risky or destructive operations; does not supply missing input
