Delete a local profile from config.yml and remove its stored credential record when one exists.

This command is local-only. It never revokes a key on the server and never
prints the stored API key. It requires confirmation before any write unless
--yes is supplied. In --no-prompt or non-interactive mode without --yes, it
fails before changing auth.json or config.yml.

When the deleted profile is current, the current profile switches to the first
remaining saved profile in sorted order. If no profiles remain, the CLI-owned
config file is removed. Deleting the last profile fails before confirmation when
removing the file would discard comments or unknown top-level config keys.

This command has no stable JSON shape, so --jq and --template are not supported.

Related commands:
  chab profile list
  chab config path

Usage:
  chab profile delete <name> [flags]

Examples:
  chab profile delete staging
  chab profile delete staging --yes
  chab profile delete staging --yes --plain

Flags:
  -h, --help   help for delete

Global Flags:
      --api-base-url string   API base URL (Chab default uses www.chab.ai/v1; custom base URLs use <base-url>/v1)
      --auth-file string      path to the CLI auth file
      --base-url string       product web base URL
      --config string         path to the CLI config file
      --debug                 write redacted request details to stderr
      --include-meta          include safe response metadata in machine output where supported
      --jq string             filter supported JSON output with a jq expression
      --json                  print stable JSON output where supported
      --locale string         response language sent as Accept-Language (en or de)
      --no-ansi               disable ANSI terminal controls and paging where supported
      --no-color              disable color in human output where supported
      --no-pager              disable pager use for long human output where supported
      --no-prompt             fail instead of prompting for interactive input
      --plain                 print copy-safe plain output where supported
      --profile string        profile to use for this invocation
      --template string       render supported JSON output with a Go text/template
      --yes                   accept supported confirmations for risky or destructive operations; does not supply missing input
