Create a saved profile in local config.yml.

Pass the global --base-url flag to set the product base URL for the new profile.
Optional global --api-base-url and --locale flags set that profile's API base URL
and locale. The API base URL is derived from --base-url when --api-base-url is
omitted. Use --project-list-limit to set the profile's default project list
limit. Environment variables such as CHAB_BASE_URL are not used as create input.

This command writes only non-secret config. Stored credentials are managed
separately with chab login and are never created or printed here.

This command has no stable JSON shape, so --jq and --template are not supported.

Related commands:
  chab profile use
  chab login

Usage:
  chab profile create <name> [flags]

Examples:
  chab profile create staging --base-url https://staging.example.test
  chab profile create staging --base-url https://staging.example.test --locale en --project-list-limit 50
  chab profile create staging --base-url https://staging.example.test --plain

Flags:
  -h, --help                     help for create
      --project-list-limit int   default project list limit for the profile

Global Flags:
      --api-base-url string   API base URL (Chab default uses www.chab.ai/v1; custom base URLs use <base-url>/v1)
      --auth-file string      path to the CLI auth file
      --base-url string       product web base URL
      --config string         path to the CLI config file
      --debug                 write redacted request details to stderr
      --include-meta          include safe response metadata in machine output where supported
      --jq string             filter supported JSON output with a jq expression
      --json                  print stable JSON output where supported
      --locale string         response language sent as Accept-Language (en or de)
      --no-ansi               disable ANSI terminal controls and paging where supported
      --no-color              disable color in human output where supported
      --no-pager              disable pager use for long human output where supported
      --no-prompt             fail instead of prompting for interactive input
      --plain                 print copy-safe plain output where supported
      --profile string        profile to use for this invocation
      --template string       render supported JSON output with a Go text/template
      --yes                   accept supported confirmations for risky or destructive operations; does not supply missing input
