Show the authenticated team token or guest trial principal for the active profile.

Authentication uses CHAB_API_KEY when set, otherwise the stored login for the
selected profile. Missing credentials exit 3 with stdout empty.

Team API keys are created and revoked in the product web app.

JSON output is the flat GET /v1/me context. Team tokens include team_id,
token_public_id, scopes, and token_controls. Guest credentials include
principal_id, guest_id, scopes, credential and free_access; team_id is null.

Use --plain for copy-safe detail rows. Use --jq or --template to reshape the
same stable JSON bytes that --json emits.

Related commands:
  chab login
  chab auth status
  chab doctor

Usage:
  chab whoami [flags]

Examples:
  chab whoami
  chab whoami --json
  chab whoami --plain
  chab whoami --jq '.team | .name'
  chab whoami --template '{{.team.name}}'

Flags:
  -h, --help   help for whoami

Global Flags:
      --api-base-url string   API base URL (Chab default uses www.chab.ai/v1; custom base URLs use <base-url>/v1)
      --auth-file string      path to the CLI auth file
      --base-url string       product web base URL
      --config string         path to the CLI config file
      --debug                 write redacted request details to stderr
      --include-meta          include safe response metadata in machine output where supported
      --jq string             filter supported JSON output with a jq expression
      --json                  print stable JSON output where supported
      --locale string         response language sent as Accept-Language (en or de)
      --no-ansi               disable ANSI terminal controls and paging where supported
      --no-color              disable color in human output where supported
      --no-pager              disable pager use for long human output where supported
      --no-prompt             fail instead of prompting for interactive input
      --plain                 print copy-safe plain output where supported
      --profile string        profile to use for this invocation
      --template string       render supported JSON output with a Go text/template
      --yes                   accept supported confirmations for risky or destructive operations; does not supply missing input
