Set up and verify the selected profile with a copied team API key or
browser-issued guest trial credential.

Team API keys are created and revoked in the product web app. Guest
trial credentials are issued and revoked in the browser trial UI. Guest
trial credentials support only the advertised free operations and expire;
they are not hosted MCP OAuth tokens. An explicit
missing profile name is created and selected. Setup reuses a stored key when
possible, verifies it with one GET /v1/me request, and does not rewrite
auth state when that check succeeds. It makes only the config repair needed to
reproduce the resolved profile and connection settings later.

Piped stdin:
  Stored key state | Piped stdin behavior | Result
  --- | --- | ---
  No usable stored key | Read the pipe as the copied key | Validate, persist, select the profile, and report ready
  Stored key passes /v1/me | Never read the pipe | Reuse the identity, make only any required config repair, and report ready
  Stored key returns an authentication-class failure | Never read the pipe | Use the replacement policy below; a non-interactive invocation returns that API error with explicit recovery guidance

Only an interactive terminal may replace a stored key rejected for
authentication. --yes accepts that overwrite confirmation inside an
interactive setup. --no-prompt disables replacement even with --yes and even
on a terminal; setup returns the authentication error and the recovery command
instead. Other API, network, protocol, authorization, and rate-limit failures
never offer replacement. Exit status 3 identifies the authentication failure.
For explicit scripted replacement, run:
  chab login --api-key --no-prompt --yes < api-key.txt

If CHAB_API_KEY is set, setup still validates the stored or copied profile key,
then warns after successful output that the environment credential takes
precedence for ordinary authenticated commands.

Output is human-readable even when --json is inherited from the root. Use
--plain for copy-safe setup result rows. jq, template, response metadata,
and dry-run output are not available.

Related commands:
  chab login
  chab auth status
  chab doctor

Usage:
  chab setup [flags]

Examples:
  chab setup
  chab setup --profile staging --base-url https://example.test
  chab setup --no-prompt < api-key.txt
  chab setup --plain

Flags:
  -h, --help   help for setup

Global Flags:
      --api-base-url string   API base URL (Chab default uses www.chab.ai/v1; custom base URLs use <base-url>/v1)
      --auth-file string      path to the CLI auth file
      --base-url string       product web base URL
      --config string         path to the CLI config file
      --debug                 write redacted request details to stderr
      --include-meta          include safe response metadata in machine output where supported
      --jq string             filter supported JSON output with a jq expression
      --json                  print stable JSON output where supported
      --locale string         response language sent as Accept-Language (en or de)
      --no-ansi               disable ANSI terminal controls and paging where supported
      --no-color              disable color in human output where supported
      --no-pager              disable pager use for long human output where supported
      --no-prompt             fail instead of prompting for interactive input
      --plain                 print copy-safe plain output where supported
      --profile string        profile to use for this invocation
      --template string       render supported JSON output with a Go text/template
      --yes                   accept supported confirmations for risky or destructive operations; does not supply missing input
