Show the available credit balance.

For a team key, this authenticated read is team-level. For a guest trial key,
spendable_balance is zero and free_credits.available is the promotional balance
that funds supported guest operations.

JSON output includes integer spendable_balance and debt, optional free_credits,
and expires as the API timestamp string or null.

--include-meta adds safe transport context under meta when --json, --jq, or
--template is selected. The ordinary value moves under data; output without
--include-meta remains unchanged.

Output modes: default human detail, --plain labeled tab-separated fields,
--json stable JSON, and --jq/--template transforms over the documented JSON
value.

Related commands:
  chab credits transactions
  chab health

Usage:
  chab credits balance [flags]

Examples:
  chab credits balance
  chab credits balance --json
  chab credits balance --json --include-meta
  chab credits balance --jq .balance
  chab credits balance --template '{{.balance}}'

Flags:
  -h, --help   help for balance

Global Flags:
      --api-base-url string   API base URL (Chab default uses www.chab.ai/v1; custom base URLs use <base-url>/v1)
      --auth-file string      path to the CLI auth file
      --base-url string       product web base URL
      --config string         path to the CLI config file
      --debug                 write redacted request details to stderr
      --include-meta          include safe response metadata in machine output where supported
      --jq string             filter supported JSON output with a jq expression
      --json                  print stable JSON output where supported
      --locale string         response language sent as Accept-Language (en or de)
      --no-ansi               disable ANSI terminal controls and paging where supported
      --no-color              disable color in human output where supported
      --no-pager              disable pager use for long human output where supported
      --no-prompt             fail instead of prompting for interactive input
      --plain                 print copy-safe plain output where supported
      --profile string        profile to use for this invocation
      --template string       render supported JSON output with a Go text/template
      --yes                   accept supported confirmations for risky or destructive operations; does not supply missing input
