Switch the current profile stored in local config.yml.

The target profile must already exist in config.yml. This command may inspect
which profiles have a stored key to preserve legacy URL defaults; it never
displays the key, validates API access, or contacts the API.

This command has no stable JSON shape, so --jq and --template are not supported.

Related commands:
  chab profile list
  chab login

Usage:
  chab profile use <name> [flags]

Examples:
  chab profile use staging
  chab profile use staging --plain

Flags:
  -h, --help   help for use

Global Flags:
      --api-base-url string   API base URL (Chab default uses www.chab.ai/v1; custom base URLs use <base-url>/v1)
      --auth-file string      path to the CLI auth file
      --base-url string       product web base URL
      --config string         path to the CLI config file
      --debug                 write redacted request details to stderr
      --include-meta          include safe response metadata in machine output where supported
      --jq string             filter supported JSON output with a jq expression
      --json                  print stable JSON output where supported
      --locale string         response language sent as Accept-Language (en or de)
      --no-ansi               disable ANSI terminal controls and paging where supported
      --no-color              disable color in human output where supported
      --no-pager              disable pager use for long human output where supported
      --no-prompt             fail instead of prompting for interactive input
      --plain                 print copy-safe plain output where supported
      --profile string        profile to use for this invocation
      --template string       render supported JSON output with a Go text/template
      --yes                   accept supported confirmations for risky or destructive operations; does not supply missing input
